(agda2-status-action "")
(agda2-info-action "*Type-checking*" "" nil)
(agda2-highlight-clear)
(agda2-info-action "*Type-checking*" "Checking ComputeUsingShowInstance (ComputeUsingShowInstance.agda). " t)
(agda2-info-action "*Type-checking*" " Checking Agda.Builtin.String (agda-default-include-path/Agda/Builtin/String.agda). " t)
(agda2-info-action "*Type-checking*" " Checking Agda.Builtin.Bool (agda-default-include-path/Agda/Builtin/Bool.agda). " t)
(agda2-info-action "*Type-checking*" " Finished Agda.Builtin.Bool. " t)
(agda2-info-action "*Type-checking*" " Checking Agda.Builtin.List (agda-default-include-path/Agda/Builtin/List.agda). " t)
(agda2-info-action "*Type-checking*" " Finished Agda.Builtin.List. " t)
(agda2-info-action "*Type-checking*" " Checking Agda.Builtin.Char (agda-default-include-path/Agda/Builtin/Char.agda). " t)
(agda2-info-action "*Type-checking*" " Checking Agda.Builtin.Nat (agda-default-include-path/Agda/Builtin/Nat.agda). " t)
(agda2-info-action "*Type-checking*" " Finished Agda.Builtin.Nat. " t)
(agda2-info-action "*Type-checking*" " Finished Agda.Builtin.Char. " t)
(agda2-info-action "*Type-checking*" " Finished Agda.Builtin.String. " t)
(agda2-status-action "")
(agda2-info-action "*All Goals*" "?0 : Bin " nil)
((last . 1) . (agda2-goals-action '(0)))
(agda2-status-action "")
(agda2-info-action "*Normal Form*" "101" nil)
((last . 1) . (agda2-goals-action '(0)))
(agda2-status-action "")
(agda2-info-action "*Normal Form*" "101" nil)
((last . 1) . (agda2-goals-action '(0)))
