(agda2-status-action "")
(agda2-info-action "*Type-checking*" "" nil)
(agda2-highlight-clear)
(agda2-info-action "*Type-checking*" "Checking ExpandEllipsis (ExpandEllipsis.agda). " t)
(agda2-info-action "*Type-checking*" " Checking Agda.Builtin.Nat (agda-default-include-path/Agda/Builtin/Nat.agda). " t)
(agda2-info-action "*Type-checking*" " Checking Agda.Builtin.Bool (agda-default-include-path/Agda/Builtin/Bool.agda). " t)
(agda2-info-action "*Type-checking*" " Finished Agda.Builtin.Bool. " t)
(agda2-info-action "*Type-checking*" " Finished Agda.Builtin.Nat. " t)
(agda2-status-action "")
(agda2-info-action "*All Goals*" "?0 : Nat ?1 : q ?2 : Nat " nil)
((last . 1) . (agda2-goals-action '(0 1 2)))
((last . 2) . (agda2-make-case-action '("test0 x | q = ?")))
((last . 1) . (agda2-goals-action '(0 1 2)))
((last . 2) . (agda2-make-case-action '("test1 (zero _) | q = ?")))
((last . 1) . (agda2-goals-action '(0 1 2)))
((last . 2) . (agda2-make-case-action '("test1 {.(suc n)} (suc {n} i) | q = ?")))
((last . 1) . (agda2-goals-action '(0 1 2)))
