Agda2> (agda2-status-action "")
(agda2-info-action "*Type-checking*" "" nil)
(agda2-highlight-clear)
(agda2-info-action "*Type-checking*" "Checking InferIrrelevant (InferIrrelevant.agda). " t)
(agda2-info-action "*Type-checking*" "Finished InferIrrelevant. " t)
(agda2-status-action "")
(agda2-info-action "*All Goals*" "?0 : A " nil)
((last . 1) . (agda2-goals-action '(0)))
Agda2> (agda2-status-action "")
(agda2-info-action "*Inferred Type*" "A" nil)
((last . 1) . (agda2-goals-action '(0)))
Agda2> 