(agda2-status-action "")
(agda2-info-action "*Type-checking*" "" nil)
(agda2-highlight-clear)
(agda2-info-action "*Type-checking*" "Checking Issue635 (Issue635.agda). " t)
(agda2-info-action "*Type-checking*" "Finished Issue635. " t)
(agda2-status-action "")
(agda2-info-action "*All Goals*" "?0 : PointedMorphism .M₁ .M₂ " nil)
((last . 1) . (agda2-goals-action '(0)))
((last . 2) . (agda2-make-case-action '("f (morph f identity) = ?")))
((last . 1) . (agda2-goals-action '(0)))
