Agda2> (agda2-status-action "")
(agda2-info-action "*Type-checking*" "" nil)
(agda2-highlight-clear)
(agda2-info-action "*Type-checking*" "Checking Issue1353 (Issue1353.agda). " t)
(agda2-verbose "Found interaction point ?0 : (I → Set) ")
(agda2-info-action "*Type-checking*" "Finished Issue1353. " t)
(agda2-status-action "ShowImplicit")
(agda2-info-action "*All Goals*" "?0 : I → Set _238 : (a : Arity Ω {i} p) → _240 {I} {X} {i} (input Ω {i} p a) [ at Issue1353.agda:89,71-72 ] _239 : (a : Arity Ω {i} p) → _240 {I} {X} {i} (input Ω {i} p a) [ at Issue1353.agda:89,71-72 ] _240 : Set [ at Issue1353.agda:89,60-65 ] _241 : Σ (Parameter Ψ i) (λ p → (a : Arity Ψ {i} p) → X (input Ψ {i} p a)) [ at Issue1353.agda:89,54-73 ] _242 : Σ (Parameter Ψ i) (λ p → (a : Arity Ψ {i} p) → X (input Ψ {i} p a)) [ at Issue1353.agda:89,54-73 ] " nil)
((last . 1) . (agda2-goals-action '(0)))
Agda2> (agda2-give-action 0 "X")
(agda2-status-action "ShowImplicit")
(agda2-info-action "*All Goals*" "" nil)
((last . 1) . (agda2-goals-action '()))
Agda2> 