(agda2-status-action "")
(agda2-info-action "*Type-checking*" "" nil)
(agda2-highlight-clear)
(agda2-info-action "*Type-checking*" "Checking Issue2762-2 (Issue2762-2.agda). " t)
(agda2-info-action "*Type-checking*" " Checking Agda.Builtin.List (agda-default-include-path/Agda/Builtin/List.agda). " t)
(agda2-info-action "*Type-checking*" " Finished Agda.Builtin.List. " t)
(agda2-info-action "*Type-checking*" " Checking Agda.Builtin.Equality (agda-default-include-path/Agda/Builtin/Equality.agda). " t)
(agda2-info-action "*Type-checking*" " Finished Agda.Builtin.Equality. " t)
(agda2-status-action "")
(agda2-info-action "*All Goals*" "?0 : (x : .A) → singleton x ≡ singleton x " nil)
((last . 1) . (agda2-goals-action '(0)))
