Agda2> (agda2-status-action "")
(agda2-info-action "*Type-checking*" "" nil)
(agda2-highlight-clear)
(agda2-info-action "*Type-checking*" "Checking Issue1541 (Issue1541.agda). " t)
(agda2-info-action "*Type-checking*" "Finished Issue1541. " t)
(agda2-status-action "")
(agda2-info-action "*All Goals*" "?0 : Nat " nil)
((last . 1) . (agda2-goals-action '(0)))
Agda2> (agda2-give-action 0 "((λ section → m + section) ?)")
(agda2-status-action "")
(agda2-info-action "*All Goals*" "?1 : Nat " nil)
((last . 1) . (agda2-goals-action '(1)))
Agda2> 