(agda2-status-action "")
(agda2-info-action "*Type-checking*" "" nil)
(agda2-highlight-clear)
(agda2-info-action "*Type-checking*" "Checking Issue2785 (Issue2785.agda). " t)
(agda2-info-action "*Type-checking*" "Finished Issue2785. " t)
(agda2-status-action "")
(agda2-info-action "*All Goals*" "?0 : _1 " nil)
((last . 1) . (agda2-goals-action '(0)))
(agda2-give-action 0 "foo λ { x y → foo }")
(agda2-status-action "")
(agda2-info-action "*All Done*" "" nil)
((last . 1) . (agda2-goals-action '()))
