Agda2> (agda2-status-action "")
(agda2-info-action "*Type-checking*" "" nil)
(agda2-highlight-clear)
(agda2-info-action "*Type-checking*" "Checking Issue994 (Issue994.agda). " t)
(agda2-info-action "*Type-checking*" "Finished Issue994. " t)
(agda2-status-action "")
(agda2-info-action "*All Goals*" "?0 : Set → Set " nil)
((last . 1) . (agda2-goals-action '(0)))
Agda2> (agda2-give-action 0 "λ x₁ → x₁")
(agda2-status-action "")
(agda2-info-action "*All Goals*" "" nil)
((last . 1) . (agda2-goals-action '()))
Agda2> 