(agda2-status-action "")
(agda2-info-action "*Type-checking*" "" nil)
(agda2-highlight-clear)
(agda2-info-action "*Type-checking*" "Checking Issue1138 (Issue1138.agda). " t)
(agda2-info-action "*Type-checking*" " Checking Common.Equality (Equality.agda). " t)
(agda2-info-action "*Type-checking*" " Checking Common.Level (Level.agda). " t)
(agda2-info-action "*Type-checking*" " Finished Common.Level. " t)
(agda2-info-action "*Type-checking*" " Finished Common.Equality. " t)
(agda2-info-action "*Type-checking*" "Finished Issue1138. " t)
(agda2-status-action "")
(agda2-info-action "*All Goals*" "?0 : (FV M ∖ x) ⊆ dom ρ ?1 : (FV N ∖ y) ⊆ dom ν ?2 : FV (abs x M) ⊆ dom ρ ?3 : FV (abs y N) ⊆ dom ν " nil)
((last . 1) . (agda2-goals-action '(0 1 2 3)))
