(agda2-status-action "")
(agda2-info-action "*Type-checking*" "" nil)
(agda2-highlight-clear)
(agda2-info-action "*Type-checking*" "Checking Issue1996 (Issue1996.agda). " t)
(agda2-info-action "*Type-checking*" " Checking Agda.Builtin.Nat (agda-default-include-path/Agda/Builtin/Nat.agda). " t)
(agda2-info-action "*Type-checking*" " Checking Agda.Builtin.Bool (agda-default-include-path/Agda/Builtin/Bool.agda). " t)
(agda2-info-action "*Type-checking*" " Finished Agda.Builtin.Bool. " t)
(agda2-info-action "*Type-checking*" " Finished Agda.Builtin.Nat. " t)
(agda2-info-action "*Type-checking*" " Checking Agda.Builtin.Equality (agda-default-include-path/Agda/Builtin/Equality.agda). " t)
(agda2-info-action "*Type-checking*" " Finished Agda.Builtin.Equality. " t)
(agda2-info-action "*Type-checking*" "Finished Issue1996. " t)
(agda2-status-action "")
(agda2-info-action "*All Goals*" "?0 : Nat " nil)
((last . 1) . (agda2-goals-action '(0)))
((last . 2) . (agda2-make-case-action '("test .f f refl = ?")))
((last . 1) . (agda2-goals-action '(0)))
