Agda2> (agda2-status-action "")
(agda2-info-action "*Type-checking*" "" nil)
(agda2-highlight-clear)
(agda2-info-action "*Type-checking*" "Checking Issue1130 (Issue1130.agda).\n" t)
(agda2-info-action "*Type-checking*" "Finished Issue1130.\n" t)
(agda2-status-action "")
(agda2-info-action "*All Goals*" "?0 : A → A\n?1 : B a\n" nil)
((last . 1) . (agda2-goals-action '(0 1)))
Agda2> (agda2-status-action "")
(agda2-info-action-and-copy "*Helper function*" "id' : ∀ {A} → A → A\n" nil)
((last . 1) . (agda2-goals-action '(0 1)))
Agda2> (agda2-status-action "")
(agda2-info-action-and-copy "*Helper function*" "g : ∀ A (a : A) {B : A → Set} → B a\n" nil)
((last . 1) . (agda2-goals-action '(0 1)))
Agda2> 