(agda2-status-action "")
(agda2-info-action "*Type-checking*" "" nil)
(agda2-highlight-clear)
(agda2-info-action "*Type-checking*" "Checking Issue1516 (Issue1516.agda). " t)
(agda2-info-action "*Type-checking*" "Finished Issue1516. " t)
(agda2-status-action "")
(agda2-info-action "*All Goals*" "?0 : {A : Set} → U ?1 : {A : Set} {a : A} → Wrap A " nil)
((last . 1) . (agda2-goals-action '(0 1)))
((last . 2) . (agda2-make-case-action '("U.out u = ?")))
((last . 1) . (agda2-goals-action '(0 1)))
((last . 2) . (agda2-make-case-action '("Wrap.wrapped wrap = ?")))
((last . 1) . (agda2-goals-action '(0 1)))
