(agda2-status-action "")
(agda2-info-action "*Type-checking*" "" nil)
(agda2-highlight-clear)
(agda2-info-action "*Type-checking*" "Checking Issue2700 (Issue2700.agda). " t)
(agda2-info-action "*Type-checking*" " Checking Agda.Builtin.Nat (agda-default-include-path/Agda/Builtin/Nat.agda). " t)
(agda2-info-action "*Type-checking*" " Checking Agda.Builtin.Bool (agda-default-include-path/Agda/Builtin/Bool.agda). " t)
(agda2-info-action "*Type-checking*" " Finished Agda.Builtin.Bool. " t)
(agda2-info-action "*Type-checking*" " Finished Agda.Builtin.Nat. " t)
(agda2-status-action "")
(agda2-info-action "*All Goals*" "?0 : Pointed Nat " nil)
((last . 1) . (agda2-goals-action '(0)))
(agda2-status-action "")
(agda2-info-action "*Goal type etc.*" "Goal: Pointed Nat Elaborates to: record { point = 0 } ————————————————————————————————————————————————————————————" nil)
((last . 1) . (agda2-goals-action '(0)))
