(agda2-status-action "")
(agda2-info-action "*Type-checking*" "" nil)
(agda2-highlight-clear)
(agda2-info-action "*Type-checking*" "Checking Issue1278 (Issue1278.agda). " t)
(agda2-info-action "*Type-checking*" " Checking Issue1278.A (Issue1278/A.agda). " t)
(agda2-info-action "*Type-checking*" " Finished Issue1278.A. " t)
(agda2-info-action "*Type-checking*" " Checking Agda.Builtin.Equality (agda-default-include-path/Agda/Builtin/Equality.agda). " t)
(agda2-info-action "*Type-checking*" " Finished Agda.Builtin.Equality. " t)
(agda2-status-action "")
(agda2-info-action "*All Goals*" "?0 : d ≡ d " nil)
((last . 1) . (agda2-goals-action '(0)))
(agda2-status-action "")
(agda2-info-action "*Current Goal*" "d ≡ d" nil)
((last . 1) . (agda2-goals-action '(0)))
