(agda2-status-action "")
(agda2-info-action "*Type-checking*" "" nil)
(agda2-highlight-clear)
(agda2-info-action "*Type-checking*" "Checking Issue1494 (Issue1494.agda). " t)
(agda2-info-action "*Type-checking*" " Checking Issue1494.Helper (Issue1494/Helper.agda). " t)
(agda2-info-action "*Type-checking*" " Finished Issue1494.Helper. " t)
(agda2-info-action "*Type-checking*" "Finished Issue1494. " t)
(agda2-status-action "")
(agda2-info-action "*All Goals*" "?0 : a ≡ b " nil)
((last . 1) . (agda2-goals-action '(0)))
(agda2-status-action "")
(agda2-info-action "*Type-checking*" "" nil)
(agda2-highlight-clear)
(agda2-info-action "*Type-checking*" "Checking Issue1494 (Issue1494.agda). " t)
(agda2-info-action "*Type-checking*" "Finished Issue1494. " t)
(agda2-status-action "")
(agda2-info-action "*All Goals*" "?0 : a ≡ b " nil)
((last . 1) . (agda2-goals-action '(0)))
