(agda2-status-action "")
(agda2-info-action "*Type-checking*" "" nil)
(agda2-close-warning)
(agda2-highlight-clear)
(agda2-info-action "*Type-checking*" "Checking Issue637 (Issue637.agda). " t)
(agda2-close-warning)
(agda2-info-action "*Error*" "stack overflow" nil)
(agda2-highlight-load-and-delete-action)
(agda2-status-action "")
