Agda2> (agda2-status-action "")
(agda2-info-action "*Type-checking*" "" nil)
(agda2-highlight-clear)
(agda2-info-action "*Type-checking*" "Checking Issue1365 (Issue1365.agda). " t)
(agda2-info-action "*Type-checking*" "Finished Issue1365. " t)
(agda2-status-action "")
(agda2-info-action "*All Goals*" "?0 : Alg (_Ψ_544 .Parameter .Arity .input .Parameter₁ .Arity₁ .input₁ .Parameter₂ .Arity₂ .input₂ φ m p k v) (_X_545 .Parameter .Arity .input .Parameter₁ .Arity₁ .input₁ .Parameter₂ .Arity₂ .input₂ φ m p k v) ?1 : _Ω_543 .Parameter .Arity .input .Parameter₁ .Arity₁ .input₁ .Parameter₂ .Arity₂ .input₂ φ m p k v ⇛[ _f_546 .Parameter .Arity .input .Parameter₁ .Arity₁ .input₁ .Parameter₂ .Arity₂ .input₂ φ m p k v ] _Ψ_544 .Parameter .Arity .input .Parameter₁ .Arity₁ .input₁ .Parameter₂ .Arity₂ .input₂ φ m p k v ?2 : _x_549 .Parameter .Arity .input .Parameter₁ .Arity₁ .input₁ .Parameter₂ .Arity₂ .input₂ φ m p k v ∈ ⟦ _Ω_543 .Parameter .Arity .input .Parameter₁ .Arity₁ .input₁ .Parameter₂ .Arity₂ .input₂ φ m p k v ⟧ ((λ {.x} → _X_545 .Parameter .Arity .input .Parameter₁ .Arity₁ .input₁ .Parameter₂ .Arity₂ .input₂ φ m p k v) ∘ _f_546 .Parameter .Arity .input .Parameter₁ .Arity₁ .input₁ .Parameter₂ .Arity₂ .input₂ φ m p k v) _I_541 : Set [ at Issue1365.agda:165,37-43 ] _J_542 : Set [ at Issue1365.agda:165,37-43 ] _Ω_543 : Sig (_I_541 .Parameter .Arity .input .Parameter₁ .Arity₁ .input₁ .Parameter₂ .Arity₂ .input₂ φ m p k v) [ at Issue1365.agda:165,37-43 ] _Ψ_544 : Sig (_J_542 .Parameter .Arity .input .Parameter₁ .Arity₁ .input₁ .Parameter₂ .Arity₂ .input₂ φ m p k v) [ at Issue1365.agda:165,37-43 ] _X_545 : Pow (_J_542 .Parameter .Arity .input .Parameter₁ .Arity₁ .input₁ .Parameter₂ .Arity₂ .input₂ φ m p k v) [ at Issue1365.agda:165,37-43 ] _f_546 : _I_541 .Parameter .Arity .input .Parameter₁ .Arity₁ .input₁ .Parameter₂ .Arity₂ .input₂ φ m p k v → _J_542 .Parameter .Arity .input .Parameter₁ .Arity₁ .input₁ .Parameter₂ .Arity₂ .input₂ φ m p k v [ at Issue1365.agda:165,37-43 ] _x_549 : _I_541 .Parameter .Arity .input .Parameter₁ .Arity₁ .input₁ .Parameter₂ .Arity₂ .input₂ φ m p k v [ at Issue1365.agda:165,37-59 ] _551 : μ ((.Parameter₂ ◃ .Arity₂ / .input₂) ⋆^C .W) (proj₂ (.f .i)) [ at Issue1365.agda:165,37-64 ] _552 : μ ((.Parameter₂ ◃ .Arity₂ / .input₂) ⋆^C .W) (proj₂ (.f .i)) [ at Issue1365.agda:165,37-64 ] " nil)
((last . 1) . (agda2-goals-action '(0 1 2)))
Agda2> (agda2-info-action "*Error*" "Issue1365.agda:165,37-64 _x_583 .Parameter .Arity .input .Parameter₁ .Arity₁ .input₁ .Parameter₂ .Arity₂ .input₂ φ m p k v ∈ ((λ {.x} → _V_557 .Parameter .Arity .input .Parameter₁ .Arity₁ .input₁ .Parameter₂ .Arity₂ .input₂ φ m p k v) ∘ (λ r → proj₁ r)) → _x_583 .Parameter .Arity .input .Parameter₁ .Arity₁ .input₁ .Parameter₂ .Arity₂ .input₂ φ m p k v ∈ ((λ {.x} → ((λ o → .Parameter₂ o) ◃ (λ {o} → .Arity₂) / (λ {o} → .input₂)) ⋆ (λ z → .W z)) ∘ (λ r → proj₂ r)) !=< μ ((.Parameter₂ ◃ .Arity₂ / .input₂) ⋆^C .W) (proj₂ (.f .i)) of type Set when checking that the expression weaken ? ? ? has type proj₂ (.f .i) ∈ ((.Parameter₂ ◃ .Arity₂ / .input₂) ⋆ .W)" nil)
((last . 3) . (agda2-goto '("Issue1365.agda" . 4945)))
(agda2-highlight-load-and-delete-action)
(agda2-status-action "")
Agda2> (agda2-info-action "*Error*" "Issue1365.agda:165,37-64 _x_583 .Parameter .Arity .input .Parameter₁ .Arity₁ .input₁ .Parameter₂ .Arity₂ .input₂ φ m p k v ∈ ((λ {.x} → _V_557 .Parameter .Arity .input .Parameter₁ .Arity₁ .input₁ .Parameter₂ .Arity₂ .input₂ φ m p k v) ∘ (λ r → proj₁ r)) → _x_583 .Parameter .Arity .input .Parameter₁ .Arity₁ .input₁ .Parameter₂ .Arity₂ .input₂ φ m p k v ∈ ((λ {.x} → ((λ o → .Parameter₂ o) ◃ (λ {o} → .Arity₂) / (λ {o} → .input₂)) ⋆ (λ z → .W z)) ∘ (λ r → proj₂ r)) !=< μ ((.Parameter₂ ◃ .Arity₂ / .input₂) ⋆^C .W) (proj₂ (.f .i)) of type Set when checking that the expression weaken ? ? ? has type proj₂ (.f .i) ∈ ((.Parameter₂ ◃ .Arity₂ / .input₂) ⋆ .W)" nil)
((last . 3) . (agda2-goto '("Issue1365.agda" . 4945)))
(agda2-highlight-load-and-delete-action)
(agda2-status-action "")
Agda2> 