(agda2-status-action "")
(agda2-info-action "*Type-checking*" "" nil)
(agda2-highlight-clear)
(agda2-info-action "*Type-checking*" "Checking Issue1325 (Issue1325.agda). " t)
(agda2-info-action "*Type-checking*" "Finished Issue1325. " t)
(agda2-status-action "")
(agda2-info-action "*All Goals*" "?0 : Set " nil)
((last . 1) . (agda2-goals-action '(0)))
((last . 2) . (agda2-make-case-action '("g zero = ?" "g (suc n‚ÇÅ) = ?")))
((last . 1) . (agda2-goals-action '(0)))
