(agda2-status-action "")
(agda2-info-action "*Type-checking*" "" nil)
(agda2-highlight-clear)
(agda2-info-action "*Type-checking*" "Checking Issue811 (Issue811.agda). " t)
(agda2-info-action "*Type-checking*" "Finished Issue811. " t)
(agda2-status-action "")
(agda2-info-action "*All Goals*" "?0 : Set ?1 : Set ?2 : Set ?3 : Set ?4 : Set ?5 : Set " nil)
((last . 1) . (agda2-goals-action '(0 1 2 3 4 5)))
((last . 2) . (agda2-make-case-action '("dot x .x refl = ?")))
((last . 1) . (agda2-goals-action '(0 1 2 3 4 5)))
((last . 2) . (agda2-make-case-action '("dot1 x refl = ?")))
((last . 1) . (agda2-goals-action '(0 1 2 3 4 5)))
((last . 2) . (agda2-make-case-action '("dot2 x refl = ?")))
((last . 1) . (agda2-goals-action '(0 1 2 3 4 5)))
((last . 2) . (agda2-make-case-action '("dot x .x (refl .x) = ?")))
((last . 1) . (agda2-goals-action '(0 1 2 3 4 5)))
((last . 2) . (agda2-make-case-action '("dot1 x (refl .x) = ?")))
((last . 1) . (agda2-goals-action '(0 1 2 3 4 5)))
((last . 2) . (agda2-make-case-action '("dot2 x (refl .x) = ?")))
((last . 1) . (agda2-goals-action '(0 1 2 3 4 5)))
