(agda2-status-action "")
(agda2-info-action "*Type-checking*" "" nil)
(agda2-highlight-clear)
(agda2-info-action "*Type-checking*" "Checking Issue2377 (Issue2377.agda). " t)
(agda2-info-action "*Type-checking*" " Checking Agda.Builtin.Nat (agda-default-include-path/Agda/Builtin/Nat.agda). " t)
(agda2-info-action "*Type-checking*" " Checking Agda.Builtin.Bool (agda-default-include-path/Agda/Builtin/Bool.agda). " t)
(agda2-info-action "*Type-checking*" " Finished Agda.Builtin.Bool. " t)
(agda2-info-action "*Type-checking*" " Finished Agda.Builtin.Nat. " t)
(agda2-info-action "*Type-checking*" " Checking Agda.Builtin.Equality (agda-default-include-path/Agda/Builtin/Equality.agda). " t)
(agda2-info-action "*Type-checking*" " Finished Agda.Builtin.Equality. " t)
(agda2-info-action "*Type-checking*" "Issue2377.agda:7,13-29 Keyword `public' is ignored here when scope checking the declaration open import Agda.Builtin.Nat public Issue2377.agda:12,6-14 Keyword `public' is ignored here when scope checking the declaration open B public Issue2377.agda:20,12-36 Keyword `public' is ignored here when scope checking let open B public in Set Issue2377.agda:24,13-48 Keyword `public' is ignored here when scope checking let open module C = B public in Set " t)
(agda2-info-action "*Type-checking*" "Finished Issue2377. " t)
(agda2-status-action "Checked")
(agda2-info-action "*All Warnings*" "Issue2377.agda:7,13-29 Keyword `public' is ignored here when scope checking the declaration open import Agda.Builtin.Nat public Issue2377.agda:12,6-14 Keyword `public' is ignored here when scope checking the declaration open B public Issue2377.agda:20,12-36 Keyword `public' is ignored here when scope checking let open B public in Set Issue2377.agda:24,13-48 Keyword `public' is ignored here when scope checking let open module C = B public in Set " nil)
((last . 1) . (agda2-goals-action '()))
(agda2-info-action "*Type-checking*" " ———— Warnings encountered —————————————————————————————————— Issue2377.agda:7,13-29 Keyword `public' is ignored here when scope checking the declaration open import Agda.Builtin.Nat public Issue2377.agda:12,6-14 Keyword `public' is ignored here when scope checking the declaration open B public Issue2377.agda:20,12-36 Keyword `public' is ignored here when scope checking let open B public in Set Issue2377.agda:24,13-48 Keyword `public' is ignored here when scope checking let open module C = B public in Set " t)
