(agda2-status-action "")
(agda2-info-action "*Type-checking*" "" nil)
(agda2-highlight-clear)
(agda2-info-action "*Type-checking*" "Checking Issue2210 (Issue2210.agda). " t)
(agda2-status-action "")
(agda2-info-action "*All Goals*" "?0 : R.Type râ‚‚ ?1 : Type " nil)
((last . 1) . (agda2-goals-action '(0 1)))
