(agda2-status-action "")
(agda2-info-action "*Type-checking*" "" nil)
(agda2-highlight-clear)
(agda2-info-action "*Type-checking*" "Checking Issue1360 (Issue1360.agda). " t)
(agda2-info-action "*Type-checking*" "Finished Issue1360. " t)
(agda2-status-action "")
(agda2-info-action "*All Goals*" "?0 : {o : ⊤} (p : ⊤) → ⊥ → ⊤ " nil)
((last . 1) . (agda2-goals-action '(0)))
(agda2-give-action 0 "(λ x y → ?)")
(agda2-status-action "")
(agda2-info-action "*All Goals*" "?1 : ⊤ " nil)
((last . 1) . (agda2-goals-action '(1)))
