(agda2-status-action "")
(agda2-info-action "*Type-checking*" "" nil)
(agda2-highlight-clear)
(agda2-highlight-add-annotations '(1 60 (comment) nil) '(61 137 (comment) nil) '(138 212 (comment) nil) '(214 218 (keyword) nil) '(223 224 (symbol) nil) '(228 229 (symbol) nil) '(230 233 (primitivetype) nil) '(233 234 (symbol) nil) '(235 236 (symbol) nil) '(237 240 (primitivetype) nil) '(241 246 (keyword) nil) '(254 255 (symbol) nil) '(258 259 (symbol) nil) '(273 274 (symbol) nil) '(277 278 (symbol) nil) '(286 292 (keyword) nil) '(295 296 (symbol) nil) '(297 300 (primitivetype) nil) '(301 306 (keyword) nil) '(309 320 (keyword) nil) '(325 329 (keyword) nil) '(332 333 (symbol) nil) '(334 337 (primitivetype) nil) '(338 343 (keyword) nil) '(351 352 (symbol) nil) '(353 356 (primitivetype) nil) '(357 358 (symbol) nil) '(359 362 (primitivetype) nil) '(371 372 (symbol) nil) '(380 387 (keyword) nil) '(396 397 (symbol) nil) '(406 413 (keyword) nil) '(422 423 (symbol) nil) '(437 438 (symbol) nil) '(439 442 (primitivetype) nil) '(448 449 (symbol) nil) '(457 464 (keyword) nil) '(471 472 (symbol) nil) '(481 488 (keyword) nil) '(495 496 (symbol) nil) '(508 509 (symbol) nil) '(520 521 (symbol) nil) '(533 534 (symbol) nil) '(535 539 (primitivetype) nil) '(542 546 (keyword) nil) '(555 556 (symbol) nil) '(562 563 (symbol) nil) '(564 567 (primitivetype) nil) '(570 571 (symbol) nil) '(578 582 (keyword) nil) '(585 586 (symbol) nil) '(589 592 (symbol) nil) '(593 594 (symbol) nil) '(603 604 (symbol) nil) '(613 614 (symbol) nil) '(615 618 (primitivetype) nil) '(619 622 (symbol) nil) '(623 624 (symbol) nil) '(632 633 (symbol) nil) '(634 635 (symbol) nil) '(636 637 (symbol) nil) '(638 642 (symbol) nil) '(643 646 (symbol) nil) '(647 648 (symbol) nil) '(649 650 (symbol) nil) '(651 652 (symbol) nil) '(660 661 (symbol) nil) '(662 666 (symbol) nil))
(agda2-highlight-add-annotations '(219 222 (datatype operator) nil ("Issue2578.agda" . 219)) '(224 225 (bound) nil ("Issue2578.agda" . 224)) '(226 227 (bound) nil ("Issue2578.agda" . 226)) '(249 253 (inductiveconstructor) nil ("Issue2578.agda" . 249)) '(256 257 (bound) nil ("Issue2578.agda" . 224)) '(260 261 (bound) nil ("Issue2578.agda" . 224)) '(262 263 (datatype operator) nil ("Issue2578.agda" . 219)) '(264 265 (bound) nil ("Issue2578.agda" . 226)) '(268 272 (inductiveconstructor) nil ("Issue2578.agda" . 268)) '(275 276 (bound) nil ("Issue2578.agda" . 226)) '(279 280 (bound) nil ("Issue2578.agda" . 224)) '(281 282 (datatype operator) nil ("Issue2578.agda" . 219)) '(283 284 (bound) nil ("Issue2578.agda" . 226)) '(293 294 (record) nil ("Issue2578.agda" . 293)) '(321 323 (inductiveconstructor) nil ("Issue2578.agda" . 321)) '(330 331 (datatype) nil ("Issue2578.agda" . 330)) '(345 350 (function) nil ("Issue2578.agda" . 345)) '(363 368 (function) nil ("Issue2578.agda" . 345)) '(369 370 (bound) nil ("Issue2578.agda" . 369)) '(373 374 (record) nil ("Issue2578.agda" . 293)) '(375 376 (datatype operator) nil ("Issue2578.agda" . 219)) '(377 378 (bound) nil ("Issue2578.agda" . 369)) '(388 395 (inductiveconstructor) nil ("Issue2578.agda" . 388)) '(398 402 (inductiveconstructor) nil ("Issue2578.agda" . 249)) '(403 405 (inductiveconstructor) nil ("Issue2578.agda" . 321)) '(414 418 (inductiveconstructor) nil ("Issue2578.agda" . 414)) '(419 420 (bound) nil ("Issue2578.agda" . 429)) '(424 428 (inductiveconstructor) nil ("Issue2578.agda" . 268)) '(429 430 (bound) nil ("Issue2578.agda" . 429)) '(432 436 (function) nil ("Issue2578.agda" . 432)) '(443 447 (function) nil ("Issue2578.agda" . 432)) '(450 451 (record) nil ("Issue2578.agda" . 293)) '(452 453 (datatype operator) nil ("Issue2578.agda" . 219)) '(454 455 (record) nil ("Issue2578.agda" . 293)) '(465 469 (inductiveconstructor) nil ("Issue2578.agda" . 465)) '(473 477 (inductiveconstructor) nil ("Issue2578.agda" . 249)) '(478 480 (inductiveconstructor) nil ("Issue2578.agda" . 321)) '(489 494 (inductiveconstructor) nil ("Issue2578.agda" . 489)) '(497 501 (inductiveconstructor) nil ("Issue2578.agda" . 268)) '(502 504 (inductiveconstructor) nil ("Issue2578.agda" . 321)) '(506 507 (function) nil ("Issue2578.agda" . 506)) '(510 515 (function) nil ("Issue2578.agda" . 345)) '(516 517 (datatype) nil ("Issue2578.agda" . 330)) '(518 519 (function) nil ("Issue2578.agda" . 506)) '(522 529 (inductiveconstructor) nil ("Issue2578.agda" . 388)) '(531 532 (function) nil ("Issue2578.agda" . 531)) '(540 541 (function) nil ("Issue2578.agda" . 531)) '(547 552 (inductiveconstructor) nil ("Issue2578.agda" . 489)) '(553 554 (function) nil ("Issue2578.agda" . 531)) '(557 561 (inductiveconstructor) nil ("Issue2578.agda" . 465)) '(568 569 (function) nil ("Issue2578.agda" . 531)) '(572 577 (inductiveconstructor) nil ("Issue2578.agda" . 489)) '(583 584 (function) nil ("Issue2578.agda" . 506)) '(587 588 (function) nil ("Issue2578.agda" . 506)) '(595 602 (inductiveconstructor) nil ("Issue2578.agda" . 388)) '(605 612 (inductiveconstructor) nil ("Issue2578.agda" . 388)) '(625 629 (inductiveconstructor) nil ("Issue2578.agda" . 414)) '(630 631 (bound) nil ("Issue2578.agda" . 630)) '(653 657 (inductiveconstructor) nil ("Issue2578.agda" . 414)) '(658 659 (bound) nil ("Issue2578.agda" . 658)))
(agda2-highlight-add-annotations '(219 222 (datatype operator) nil ("Issue2578.agda" . 219)) '(223 224 (symbol) nil) '(224 225 (bound) nil ("Issue2578.agda" . 224)) '(226 227 (bound) nil ("Issue2578.agda" . 226)) '(228 229 (symbol) nil) '(230 233 (primitivetype) nil) '(233 234 (symbol) nil) '(235 236 (symbol) nil) '(237 240 (primitivetype) nil))
(agda2-highlight-add-annotations '(214 218 (keyword) nil) '(219 222 (datatype operator) nil ("Issue2578.agda" . 219)) '(224 225 (bound) nil ("Issue2578.agda" . 224)) '(226 227 (bound) nil ("Issue2578.agda" . 226)) '(241 246 (keyword) nil) '(249 253 (inductiveconstructor) nil ("Issue2578.agda" . 249)) '(254 255 (symbol) nil) '(256 257 (bound) nil ("Issue2578.agda" . 224)) '(258 259 (symbol) nil) '(260 261 (bound) nil ("Issue2578.agda" . 224)) '(262 263 (datatype operator) nil ("Issue2578.agda" . 219)) '(264 265 (bound) nil ("Issue2578.agda" . 226)) '(268 272 (inductiveconstructor) nil ("Issue2578.agda" . 268)) '(273 274 (symbol) nil) '(275 276 (bound) nil ("Issue2578.agda" . 226)) '(277 278 (symbol) nil) '(279 280 (bound) nil ("Issue2578.agda" . 224)) '(281 282 (datatype operator) nil ("Issue2578.agda" . 219)) '(283 284 (bound) nil ("Issue2578.agda" . 226)))
(agda2-highlight-add-annotations '(293 294 (record) nil ("Issue2578.agda" . 293)) '(295 296 (symbol) nil) '(297 300 (primitivetype) nil))
(agda2-highlight-add-annotations '(286 292 (keyword) nil) '(293 294 (record) nil ("Issue2578.agda" . 293)) '(301 306 (keyword) nil) '(309 320 (keyword) nil) '(321 323 (inductiveconstructor) nil ("Issue2578.agda" . 321)))
(agda2-highlight-add-annotations '(330 331 (datatype) nil ("Issue2578.agda" . 330)) '(332 333 (symbol) nil) '(334 337 (primitivetype) nil))
(agda2-highlight-add-annotations '(325 329 (keyword) nil) '(330 331 (datatype) nil ("Issue2578.agda" . 330)) '(338 343 (keyword) nil))
(agda2-highlight-add-annotations '(345 350 (function) nil ("Issue2578.agda" . 345)) '(351 352 (symbol) nil) '(353 356 (primitivetype) nil) '(357 358 (symbol) nil) '(359 362 (primitivetype) nil))
(agda2-highlight-add-annotations '(345 350 (function) nil ("Issue2578.agda" . 345)) '(363 368 (function) nil ("Issue2578.agda" . 345)) '(369 370 (bound) nil ("Issue2578.agda" . 369)) '(371 372 (symbol) nil) '(373 374 (record) nil ("Issue2578.agda" . 293)) '(375 376 (datatype operator) nil ("Issue2578.agda" . 219)) '(377 378 (bound) nil ("Issue2578.agda" . 369)))
(agda2-highlight-add-annotations '(388 395 (inductiveconstructor) nil ("Issue2578.agda" . 388)) '(398 402 (inductiveconstructor) nil ("Issue2578.agda" . 249)) '(403 405 (inductiveconstructor) nil ("Issue2578.agda" . 321)))
(agda2-highlight-add-annotations '(414 418 (inductiveconstructor) nil ("Issue2578.agda" . 414)) '(419 420 (bound) nil ("Issue2578.agda" . 429)) '(424 428 (inductiveconstructor) nil ("Issue2578.agda" . 268)) '(429 430 (bound) nil ("Issue2578.agda" . 429)))
(agda2-highlight-add-annotations '(432 436 (function) nil ("Issue2578.agda" . 432)) '(437 438 (symbol) nil) '(439 442 (primitivetype) nil))
(agda2-highlight-add-annotations '(432 436 (function) nil ("Issue2578.agda" . 432)) '(443 447 (function) nil ("Issue2578.agda" . 432)) '(448 449 (symbol) nil) '(450 451 (record) nil ("Issue2578.agda" . 293)) '(452 453 (datatype operator) nil ("Issue2578.agda" . 219)) '(454 455 (record) nil ("Issue2578.agda" . 293)))
(agda2-highlight-add-annotations '(465 469 (inductiveconstructor) nil ("Issue2578.agda" . 465)) '(473 477 (inductiveconstructor) nil ("Issue2578.agda" . 249)) '(478 480 (inductiveconstructor) nil ("Issue2578.agda" . 321)))
(agda2-highlight-add-annotations '(489 494 (inductiveconstructor) nil ("Issue2578.agda" . 489)) '(497 501 (inductiveconstructor) nil ("Issue2578.agda" . 268)) '(502 504 (inductiveconstructor) nil ("Issue2578.agda" . 321)))
(agda2-highlight-add-annotations '(506 507 (function) nil ("Issue2578.agda" . 506)) '(508 509 (symbol) nil) '(510 515 (function) nil ("Issue2578.agda" . 345)) '(516 517 (datatype) nil ("Issue2578.agda" . 330)))
(agda2-highlight-add-annotations '(506 507 (function) nil ("Issue2578.agda" . 506)) '(518 519 (function) nil ("Issue2578.agda" . 506)) '(520 521 (symbol) nil) '(522 529 (inductiveconstructor) nil ("Issue2578.agda" . 388)))
(agda2-highlight-add-annotations '(531 532 (function) nil ("Issue2578.agda" . 531)) '(533 534 (symbol) nil) '(535 539 (primitivetype) nil) '(643 659 (catchallclause) nil))
(agda2-highlight-add-annotations '(531 532 (function) nil ("Issue2578.agda" . 531)) '(540 541 (function) nil ("Issue2578.agda" . 531)) '(542 546 (keyword) nil) '(547 552 (inductiveconstructor) nil ("Issue2578.agda" . 489)) '(553 554 (function) nil ("Issue2578.agda" . 531)) '(555 556 (symbol) nil) '(557 561 (inductiveconstructor) nil ("Issue2578.agda" . 465)) '(562 563 (symbol) nil) '(564 567 (primitivetype) nil) '(568 569 (function) nil ("Issue2578.agda" . 531)) '(570 571 (symbol) nil) '(572 577 (inductiveconstructor) nil ("Issue2578.agda" . 489)) '(578 582 (keyword) nil) '(583 584 (function) nil ("Issue2578.agda" . 506)) '(585 586 (symbol) nil) '(587 588 (function) nil ("Issue2578.agda" . 506)) '(589 592 (symbol) nil) '(593 594 (symbol) nil) '(595 602 (inductiveconstructor) nil ("Issue2578.agda" . 388)) '(603 604 (symbol) nil) '(605 612 (inductiveconstructor) nil ("Issue2578.agda" . 388)) '(613 614 (symbol) nil) '(615 618 (primitivetype) nil) '(619 622 (symbol) nil) '(623 624 (symbol) nil) '(625 629 (inductiveconstructor) nil ("Issue2578.agda" . 414)) '(630 631 (bound) nil ("Issue2578.agda" . 630)) '(632 633 (symbol) nil) '(634 635 (symbol) nil) '(636 637 (symbol) nil) '(638 642 (symbol) nil) '(643 646 (catchallclause symbol) nil) '(646 647 (catchallclause) nil) '(647 648 (catchallclause symbol) nil) '(648 649 (catchallclause) nil) '(649 650 (catchallclause symbol) nil) '(650 651 (catchallclause) nil) '(651 652 (catchallclause symbol) nil) '(652 653 (catchallclause) nil) '(653 657 (catchallclause inductiveconstructor) nil ("Issue2578.agda" . 414)) '(657 658 (catchallclause) nil) '(658 659 (catchallclause bound) nil ("Issue2578.agda" . 658)) '(660 661 (symbol) nil) '(662 666 (symbol) nil))
(agda2-highlight-add-annotations '(643 659 (catchallclause) nil))
(agda2-highlight-add-annotations '(1 60 (comment) nil) '(61 137 (comment) nil) '(138 212 (comment) nil) '(380 387 (keyword) nil) '(396 397 (symbol) nil) '(406 413 (keyword) nil) '(422 423 (symbol) nil) '(457 464 (keyword) nil) '(471 472 (symbol) nil) '(481 488 (keyword) nil) '(495 496 (symbol) nil))
(agda2-status-action "")
(agda2-info-action "*All Goals*" "?0 : Set₁ ?1 : Set₁ " nil)
((last . 1) . (agda2-goals-action '(0 1)))
