Agda2> (agda2-status-action "")
(agda2-info-action "*Type-checking*" "" nil)
(agda2-highlight-clear)
(agda2-info-action "*Type-checking*" "Checking Issue1266whyInScope (Issue1266whyInScope.agda).\n" t)
(agda2-info-action "*Type-checking*" "Finished Issue1266whyInScope.\n" t)
(agda2-status-action "")
(agda2-info-action "*All Goals*" "?0 : Setâ‚‚\n" nil)
((last . 1) . (agda2-goals-action '(0)))
Agda2> (agda2-status-action "")
(agda2-info-action "*Scope Info*" "A is in scope as\n  * a variable bound at Issue1266whyInScope.agda:10,9-10\n    in conflict with\n    * a defined name Issue1266whyInScope.M.A brought into scope by\n      - the opening of M at Issue1266whyInScope.agda:10,29-30\n      - its definition at Issue1266whyInScope.agda:8,3-4" nil)
((last . 1) . (agda2-goals-action '(0)))
Agda2> Agda2> 