Agda2> (agda2-status-action "")
(agda2-info-action "*Type-checking*" "" nil)
(agda2-highlight-clear)
(agda2-info-action "*Type-checking*" "Checking Issue289 (Issue289.agda). " t)
(agda2-info-action "*Type-checking*" "Finished Issue289. " t)
(agda2-status-action "")
(agda2-info-action "*All Goals*" "?0 : ⊤ " nil)
((last . 1) . (agda2-goals-action '(0)))
Agda2> (agda2-info-action "*Error*" "Issue289.agda:9,11-16 Since goal is solved, further case distinction is not supported; try `Solve constraints' instead when checking that the expression ? has type ⊤" nil)
((last . 3) . (agda2-goto '("Issue289.agda" . 104)))
(agda2-highlight-load-and-delete-action)
(agda2-status-action "")
Agda2> 