(agda2-status-action "")
(agda2-info-action "*Type-checking*" "" nil)
(agda2-highlight-clear)
(agda2-info-action "*Type-checking*" "Checking QuickLaTeX-Caching (QuickLaTeX-Caching.lagda). " t)
(agda2-status-action "")
(agda2-info-action "*All Goals*" "?0 : Set _0 Sort _0 [ at QuickLaTeX-Caching.lagda:5,17-18 ] " nil)
((last . 1) . (agda2-goals-action '(0)))
(agda2-give-action 0 "Set")
(agda2-status-action "")
(agda2-info-action "*All Done*" "" nil)
((last . 1) . (agda2-goals-action '()))
(agda2-status-action "")
(agda2-info-action "*Type-checking*" "" nil)
(agda2-highlight-clear)
(agda2-info-action "*Type-checking*" "Reading QuickLaTeX-Caching (QuickLaTeX-Caching.lagda). " t)
(agda2-info-action "*Type-checking*" "Finished QuickLaTeX-Caching. " t)
(agda2-info-action "*Type-checking*" " Checking if agda.sty is found by the LaTeX environment. " t)
(agda2-info-action "*Type-checking*" "Calling: kpsewhich --path=latex agda.sty " t)
(agda2-info-action "*Type-checking*" " agda.sty was not found. Copying a default version of agda.sty into the directory latex. " t)
(agda2-status-action "")
(agda2-info-action "*Compilation result*" "The module was successfully compiled. " nil)
((last . 1) . (agda2-goals-action '(0)))
(agda2-status-action "")
(agda2-info-action "*Type-checking*" "" nil)
(agda2-highlight-clear)
(agda2-info-action "*Type-checking*" "Reading QuickLaTeX-Caching (QuickLaTeX-Caching.lagda). " t)
(agda2-info-action "*Type-checking*" "Finished QuickLaTeX-Caching. " t)
(agda2-info-action "*Type-checking*" " Checking if agda.sty is found by the LaTeX environment. " t)
(agda2-info-action "*Type-checking*" "Calling: kpsewhich --path=latex agda.sty " t)
(agda2-info-action "*Type-checking*" "latex/agda.sty " t)
(agda2-status-action "")
(agda2-info-action "*Compilation result*" "The module was successfully compiled. " nil)
((last . 1) . (agda2-goals-action '(0)))
