(agda2-highlight-add-annotations 'remove '(1 7 (keyword) t) '(30 35 (keyword) t) '(45 46 (symbol) t) '(47 51 (primitivetype) t) '(60 61 (symbol) t) '(62 66 (primitivetype) t) '(68 74 (keyword) t) '(77 78 (symbol) t) '(80 81 (symbol) t) '(82 85 (primitivetype) t) '(85 86 (symbol) t) '(87 88 (symbol) t) '(97 102 (keyword) t) '(105 116 (keyword) t) '(124 129 (keyword) t) '(132 133 (symbol) t) '(134 137 (primitivetype) t) '(143 144 (symbol) t) '(145 148 (primitivetype) t) '(149 150 (symbol) t) '(151 154 (primitivetype) t) '(155 156 (symbol) t) '(157 160 (primitivetype) t) '(169 170 (symbol) t) '(176 181 (keyword) t) '(184 185 (symbol) t) '(192 193 (symbol) t) '(194 197 (primitivetype) t) '(203 204 (symbol) t) '(211 212 (symbol) t) '(213 216 (primitivetype) t) '(221 222 (symbol) t) '(226 235 (keyword) t) '(238 239 (symbol) t) '(240 241 (symbol) t) '(243 247 (keyword) t) '(248 254 (keyword) t) '(271 275 (keyword) t) '(278 279 (symbol) t) '(281 282 (symbol) t) '(283 286 (primitivetype) t) '(286 287 (symbol) t) '(288 289 (symbol) t) '(298 303 (keyword) t) '(308 309 (symbol) t) '(310 313 (keyword) t) '(316 317 (symbol) t) '(320 322 (keyword) t) '(328 337 (keyword) t) '(346 347 (symbol) t) '(348 351 (primitivetype) t) '(352 353 (symbol) t) '(354 357 (primitivetype) t) '(358 359 (symbol) t) '(360 363 (primitivetype) t) '(365 371 (keyword) t) '(372 373 (number) t) '(387 388 (symbol) t) '(389 392 (primitivetype) t) '(393 396 (primitivetype) t) '(397 400 (primitivetype) t) '(401 404 (primitivetype) t) '(409 410 (symbol) t) '(428 441 (comment) t))
