(agda2-highlight-add-annotations 'remove '(1 27 (comment) t) '(27 28 (comment) t) '(28 39 (comment) t) '(39 40 (comment) t) '(53 62 (keyword) t) '(65 66 (symbol) t) '(67 70 (primitivetype) t) '(81 82 (comment) t))
