Agda2> (agda2-status-action "")
(agda2-info-action "*Type-checking*" "" nil)
(agda2-highlight-clear)
(agda2-info-action "*Type-checking*" "Checking TopScope (TopScope.agda). " t)
(agda2-info-action "*Type-checking*" "Finished TopScope. " t)
(agda2-status-action "")
(agda2-info-action "*All Goals*" "?0 : Set " nil)
((last . 1) . (agda2-goals-action '(0)))
Agda2> (agda2-status-action "")
(agda2-info-action "*Inferred Type*" "Set â†’ Set" nil)
((last . 1) . (agda2-goals-action '(0)))
Agda2> (agda2-info-action "*Error*" "1,1-2 Not in scope: F at 1,1-2 when scope checking F" nil)
(agda2-highlight-load-and-delete-action)
(agda2-status-action "")
Agda2> 