EXECUTED_PROGRAM

ret > ExitSuccess
out > 109
out >
